// Jest Snapshot v1, https://goo.gl/fbAQLP

exports[`NewQuestionItem Test should render the component 1`] = `
Object {
  "asFragment": [Function],
  "baseElement": <body>
    <div>
      <div
        class="form-signin w-100 m-auto"
      >
        <form>
          <h1
            class="h3 mb-3 fw-normal"
          >
            Please sign in
          </h1>
          <small
            class="text-danger"
            data-testid="errorMessage"
          />
          <div
            class="form-floating"
          >
            <input
              class="form-control"
              data-testid="Username"
              placeholder="Username"
              type="text"
            />
            <label>
              Username
            </label>
          </div>
          <div
            class="form-floating "
          >
            <input
              class="form-control"
              data-testid="Password"
              placeholder="Password"
              type="password"
            />
            <label>
              Password
            </label>
          </div>
          <button
            class="btn btn-primary w-100 py-2"
            data-testid="buttonSubmit"
            type="button"
          >
            Sign in
          </button>
        </form>
      </div>
    </div>
  </body>,
  "container": <div>
    <div
      class="form-signin w-100 m-auto"
    >
      <form>
        <h1
          class="h3 mb-3 fw-normal"
        >
          Please sign in
        </h1>
        <small
          class="text-danger"
          data-testid="errorMessage"
        />
        <div
          class="form-floating"
        >
          <input
            class="form-control"
            data-testid="Username"
            placeholder="Username"
            type="text"
          />
          <label>
            Username
          </label>
        </div>
        <div
          class="form-floating "
        >
          <input
            class="form-control"
            data-testid="Password"
            placeholder="Password"
            type="password"
          />
          <label>
            Password
          </label>
        </div>
        <button
          class="btn btn-primary w-100 py-2"
          data-testid="buttonSubmit"
          type="button"
        >
          Sign in
        </button>
      </form>
    </div>
  </div>,
  "debug": [Function],
  "findAllByAltText": [Function],
  "findAllByDisplayValue": [Function],
  "findAllByLabelText": [Function],
  "findAllByPlaceholderText": [Function],
  "findAllByRole": [Function],
  "findAllByTestId": [Function],
  "findAllByText": [Function],
  "findAllByTitle": [Function],
  "findByAltText": [Function],
  "findByDisplayValue": [Function],
  "findByLabelText": [Function],
  "findByPlaceholderText": [Function],
  "findByRole": [Function],
  "findByTestId": [Function],
  "findByText": [Function],
  "findByTitle": [Function],
  "getAllByAltText": [Function],
  "getAllByDisplayValue": [Function],
  "getAllByLabelText": [Function],
  "getAllByPlaceholderText": [Function],
  "getAllByRole": [Function],
  "getAllByTestId": [Function],
  "getAllByText": [Function],
  "getAllByTitle": [Function],
  "getByAltText": [Function],
  "getByDisplayValue": [Function],
  "getByLabelText": [Function],
  "getByPlaceholderText": [Function],
  "getByRole": [Function],
  "getByTestId": [Function],
  "getByText": [Function],
  "getByTitle": [Function],
  "queryAllByAltText": [Function],
  "queryAllByDisplayValue": [Function],
  "queryAllByLabelText": [Function],
  "queryAllByPlaceholderText": [Function],
  "queryAllByRole": [Function],
  "queryAllByTestId": [Function],
  "queryAllByText": [Function],
  "queryAllByTitle": [Function],
  "queryByAltText": [Function],
  "queryByDisplayValue": [Function],
  "queryByLabelText": [Function],
  "queryByPlaceholderText": [Function],
  "queryByRole": [Function],
  "queryByTestId": [Function],
  "queryByText": [Function],
  "queryByTitle": [Function],
  "rerender": [Function],
  "unmount": [Function],
}
`;
