// Jest Snapshot v1, https://goo.gl/fbAQLP

exports[`NewQuestionItem Test should render the component 1`] = `
Object {
  "asFragment": [Function],
  "baseElement": <body>
    <div>
      <div
        class="container"
      >
        <div
          class="py-5 text-center"
        >
          <h2>
            Would You Rather
          </h2>
          <p
            class="lead"
          >
            Create Your Own Poll
          </p>
          <div
            class="row text-center w-100"
          >
            <div
              class="col-12"
            >
              <span
                class=""
              />
            </div>
            <div
              class="col-12 row mb-3"
            >
              <div
                class="col-2"
              >
                <label
                  class="form-label"
                >
                  First Option:
                </label>
              </div>
              <div
                class="col-9"
              >
                <input
                  class="form-control"
                  data-testid="OptionOne"
                  placeholder="Option One"
                  type="text"
                />
              </div>
            </div>
            <div
              class="col-12 row mb-3"
            >
              <div
                class="col-2"
              >
                <label
                  class="form-label"
                >
                  Second Option:
                </label>
              </div>
              <div
                class="col-9"
              >
                <input
                  class="form-control"
                  data-testid="OptionTwo"
                  placeholder="Option Two"
                  type="text"
                />
              </div>
            </div>
            <div
              class="col-12 text-center"
            >
              <button
                class="btn btn-light"
                type="button"
              >
                Submit
              </button>
            </div>
          </div>
        </div>
      </div>
    </div>
  </body>,
  "container": <div>
    <div
      class="container"
    >
      <div
        class="py-5 text-center"
      >
        <h2>
          Would You Rather
        </h2>
        <p
          class="lead"
        >
          Create Your Own Poll
        </p>
        <div
          class="row text-center w-100"
        >
          <div
            class="col-12"
          >
            <span
              class=""
            />
          </div>
          <div
            class="col-12 row mb-3"
          >
            <div
              class="col-2"
            >
              <label
                class="form-label"
              >
                First Option:
              </label>
            </div>
            <div
              class="col-9"
            >
              <input
                class="form-control"
                data-testid="OptionOne"
                placeholder="Option One"
                type="text"
              />
            </div>
          </div>
          <div
            class="col-12 row mb-3"
          >
            <div
              class="col-2"
            >
              <label
                class="form-label"
              >
                Second Option:
              </label>
            </div>
            <div
              class="col-9"
            >
              <input
                class="form-control"
                data-testid="OptionTwo"
                placeholder="Option Two"
                type="text"
              />
            </div>
          </div>
          <div
            class="col-12 text-center"
          >
            <button
              class="btn btn-light"
              type="button"
            >
              Submit
            </button>
          </div>
        </div>
      </div>
    </div>
  </div>,
  "debug": [Function],
  "findAllByAltText": [Function],
  "findAllByDisplayValue": [Function],
  "findAllByLabelText": [Function],
  "findAllByPlaceholderText": [Function],
  "findAllByRole": [Function],
  "findAllByTestId": [Function],
  "findAllByText": [Function],
  "findAllByTitle": [Function],
  "findByAltText": [Function],
  "findByDisplayValue": [Function],
  "findByLabelText": [Function],
  "findByPlaceholderText": [Function],
  "findByRole": [Function],
  "findByTestId": [Function],
  "findByText": [Function],
  "findByTitle": [Function],
  "getAllByAltText": [Function],
  "getAllByDisplayValue": [Function],
  "getAllByLabelText": [Function],
  "getAllByPlaceholderText": [Function],
  "getAllByRole": [Function],
  "getAllByTestId": [Function],
  "getAllByText": [Function],
  "getAllByTitle": [Function],
  "getByAltText": [Function],
  "getByDisplayValue": [Function],
  "getByLabelText": [Function],
  "getByPlaceholderText": [Function],
  "getByRole": [Function],
  "getByTestId": [Function],
  "getByText": [Function],
  "getByTitle": [Function],
  "queryAllByAltText": [Function],
  "queryAllByDisplayValue": [Function],
  "queryAllByLabelText": [Function],
  "queryAllByPlaceholderText": [Function],
  "queryAllByRole": [Function],
  "queryAllByTestId": [Function],
  "queryAllByText": [Function],
  "queryAllByTitle": [Function],
  "queryByAltText": [Function],
  "queryByDisplayValue": [Function],
  "queryByLabelText": [Function],
  "queryByPlaceholderText": [Function],
  "queryByRole": [Function],
  "queryByTestId": [Function],
  "queryByText": [Function],
  "queryByTitle": [Function],
  "rerender": [Function],
  "unmount": [Function],
}
`;
